// Jest Snapshot v1, https://goo.gl/fbAQLP

exports[`<Register /> renders without crashing 1`] = `
<View
  style={
    Object {
      "height": "100%",
      "left": 0,
      "position": "absolute",
      "top": 0,
      "width": "100%",
    }
  }
>
  <Image
    source={
      Object {
        "testUri": "../../../src/images/back1.jpg",
      }
    }
    style={
      Object {
        "flex": 1,
        "height": "100%",
        "width": "100%",
      }
    }
  />
  <View
    style={
      Object {
        "alignItems": "center",
        "position": "absolute",
        "textAlign": "center",
        "top": "20%",
        "width": "100%",
      }
    }
  >
    <Text
      style={
        Object {
          "fontFamily": "Cochin",
          "fontSize": 40,
          "fontWeight": "bold",
        }
      }
    >
      <Text
        style={
          Object {
            "color": "#C4A751",
          }
        }
      >
        GRAB
      </Text>
      <Text
        style={
          Object {
            "color": "#FFFFFF",
          }
        }
      >
        CAB
      </Text>
    </Text>
  </View>
  <KeyboardAvoidingView
    enabled={true}
    keyboardVerticalOffset={0}
    style={
      Object {
        "alignItems": "center",
        "bottom": "5%",
        "left": "15%",
        "position": "absolute",
        "textAlign": "center",
        "width": "70%",
      }
    }
  >
    <View
      style={
        Object {
          "fontFamily": "Cochin",
          "fontSize": 40,
          "fontWeight": "bold",
        }
      }
    >
      <Text
        style={
          Object {
            "color": "#FFFFFF",
          }
        }
      >
        Registration
      </Text>
    </View>
    <View
      style={
        Object {
          "flex": 1,
          "flexDirection": "row",
          "margin": 10,
          "width": "100%",
        }
      }
    >
      <View
        style={
          Object {
            "marginRight": 10,
            "width": "10%",
          }
        }
      >
        <Themed.Icon
          color="#FFFFFF"
          name="user"
          size={25}
          type="font-awesome"
        />
      </View>
      <View
        style={
          Object {
            "borderBottomColor": "white",
            "borderBottomWidth": 1,
            "width": "85%",
          }
        }
      >
        <TextInput
          allowFontScaling={true}
          placeholder="First Name"
          placeholderTextColor="#FFFFFF"
          rejectResponderTermination={true}
          style={
            Object {
              "color": "#FFFFFF",
              "height": "100%",
            }
          }
          underlineColorAndroid="transparent"
        />
      </View>
    </View>
    <View
      style={
        Object {
          "flex": 1,
          "flexDirection": "row",
          "margin": 10,
          "width": "100%",
        }
      }
    >
      <View
        style={
          Object {
            "marginRight": 10,
            "width": "10%",
          }
        }
      >
        <Themed.Icon
          color="#FFFFFF"
          name="user"
          size={25}
          type="font-awesome"
        />
      </View>
      <View
        style={
          Object {
            "borderBottomColor": "white",
            "borderBottomWidth": 1,
            "width": "85%",
          }
        }
      >
        <TextInput
          allowFontScaling={true}
          placeholder="Last Name"
          placeholderTextColor="#FFFFFF"
          rejectResponderTermination={true}
          style={
            Object {
              "color": "#FFFFFF",
              "height": "100%",
            }
          }
          underlineColorAndroid="transparent"
        />
      </View>
    </View>
    <View
      style={
        Object {
          "flex": 1,
          "flexDirection": "row",
          "margin": 10,
          "width": "100%",
        }
      }
    >
      <View
        style={
          Object {
            "marginRight": 10,
            "width": "10%",
          }
        }
      >
        <Themed.Icon
          color="#FFFFFF"
          name="envelope-o"
          size={25}
          type="font-awesome"
        />
      </View>
      <View
        style={
          Object {
            "borderBottomColor": "white",
            "borderBottomWidth": 1,
            "width": "85%",
          }
        }
      >
        <TextInput
          allowFontScaling={true}
          keyboardType="email-address"
          placeholder="Email"
          placeholderTextColor="#FFFFFF"
          rejectResponderTermination={true}
          style={
            Object {
              "color": "#FFFFFF",
              "height": "100%",
            }
          }
          underlineColorAndroid="transparent"
        />
      </View>
    </View>
    <View
      style={
        Object {
          "flex": 1,
          "flexDirection": "row",
          "margin": 10,
          "width": "100%",
        }
      }
    >
      <View
        style={
          Object {
            "marginRight": 10,
            "width": "10%",
          }
        }
      >
        <Themed.Icon
          color="#FFFFFF"
          name="mobile"
          size={25}
          type="font-awesome"
        />
      </View>
      <View
        style={
          Object {
            "borderBottomColor": "white",
            "borderBottomWidth": 1,
            "width": "85%",
          }
        }
      >
        <TextInput
          allowFontScaling={true}
          keyboardType="phone-pad"
          placeholder="Mobile"
          placeholderTextColor="#FFFFFF"
          rejectResponderTermination={true}
          style={
            Object {
              "color": "#FFFFFF",
              "height": "100%",
            }
          }
          underlineColorAndroid="transparent"
        />
      </View>
    </View>
    <View
      style={
        Object {
          "flex": 1,
          "flexDirection": "row",
          "margin": 10,
          "width": "100%",
        }
      }
    >
      <View
        style={
          Object {
            "marginRight": 10,
            "width": "10%",
          }
        }
      >
        <Themed.Icon
          color="#FFFFFF"
          name="lock"
          size={25}
          type="font-awesome"
        />
      </View>
      <View
        style={
          Object {
            "borderBottomColor": "white",
            "borderBottomWidth": 1,
            "width": "85%",
          }
        }
      >
        <TextInput
          allowFontScaling={true}
          onChangeText={[Function]}
          placeholder="Password"
          placeholderTextColor="#FFFFFF"
          rejectResponderTermination={true}
          secureTextEntry={true}
          style={
            Object {
              "color": "#FFFFFF",
              "height": "100%",
            }
          }
          underlineColorAndroid="transparent"
          value=""
        />
      </View>
    </View>
    <View
      style={
        Object {
          "flex": 1,
          "flexDirection": "row",
          "margin": 10,
          "width": "100%",
        }
      }
    >
      <View
        style={
          Object {
            "marginRight": 10,
            "width": "10%",
          }
        }
      >
        <Themed.Icon
          color="#FFFFFF"
          name="lock"
          size={25}
          type="font-awesome"
        />
      </View>
      <View
        style={
          Object {
            "borderBottomColor": "white",
            "borderBottomWidth": 1,
            "width": "85%",
          }
        }
      >
        <TextInput
          allowFontScaling={true}
          onChangeText={[Function]}
          placeholder="Confirm password"
          placeholderTextColor="#FFFFFF"
          rejectResponderTermination={true}
          secureTextEntry={true}
          style={
            Object {
              "color": "#FFFFFF",
              "height": "100%",
            }
          }
          underlineColorAndroid="transparent"
          value=""
        />
      </View>
    </View>
    <View
      style={
        Object {
          "backgroundColor": "#1F81D4",
          "borderRadius": 10,
          "flex": 1,
          "height": 40,
          "justifyContent": "space-around",
          "marginTop": "5%",
          "textAlign": "center",
          "width": "60%",
        }
      }
    >
      <Button
        color="#FFFFFF"
        onPress={[Function]}
        title="Register Now"
      />
    </View>
  </KeyboardAvoidingView>
</View>
`;
